// Jest Snapshot v1, https://goo.gl/fbAQLP

exports[`works 1`] = `
<div>
  [null,"{\\"o\\":1,\\"p\\":10}"]
  {"o":1,"p":10}
</div>
`;
